2026-09-30T17:37:45Z tmux-activity-watch starting (QUIET_SECS=10 TICK_SECS=2 LATIDO_SECS=1800 marker=OPENCLAW_WATCH)
2026-09-30T17:37:45Z latido launched (pid=66832)
responder: trab-2 no está en ninguna corrida abierta; no se toca
avisos emitir: la sesion trab-2 no esta en el registro de arnes192-103743
avisos bg: RECHAZO DEFINITIVO (exit 3): arnes192-103743 trab-2 aprobacion registro descartado
avisos emitir: la sesion trab-2 no esta en el registro de arnes192-103743
avisos bg: RECHAZO DEFINITIVO (exit 3): arnes192-103743 trab-2 cierre registro descartado
responder: trab-2 no está en ninguna corrida abierta; no se toca
avisos emitir: la sesion trab-2 no esta en el registro de arnes192-103743
avisos bg: RECHAZO DEFINITIVO (exit 3): arnes192-103743 trab-2 aprobacion registro descartado
avisos emitir: la sesion trab-2 no esta en el registro de arnes192-103743
avisos bg: RECHAZO DEFINITIVO (exit 3): arnes192-103743 trab-2 cierre registro descartado
responder: trab-2 no está en ninguna corrida abierta; no se toca
avisos emitir: la sesion trab-2 no esta en el registro de arnes192-103743
avisos bg: RECHAZO DEFINITIVO (exit 3): arnes192-103743 trab-2 aprobacion registro descartado
avisos emitir: la sesion trab-2 no esta en el registro de arnes192-103743
avisos bg: RECHAZO DEFINITIVO (exit 3): arnes192-103743 trab-2 cierre registro descartado
responder: trab-2 no está en ninguna corrida abierta; no se toca
avisos emitir: la sesion trab-2 no esta en el registro de arnes192-103743
avisos bg: RECHAZO DEFINITIVO (exit 3): arnes192-103743 trab-2 aprobacion registro descartado
avisos emitir: la sesion trab-2 no esta en el registro de arnes192-103743
avisos bg: RECHAZO DEFINITIVO (exit 3): arnes192-103743 trab-2 cierre registro descartado
responder: trab-2 no está en ninguna corrida abierta; no se toca
avisos emitir: la sesion trab-2 no esta en el registro de arnes192-103743
avisos bg: RECHAZO DEFINITIVO (exit 3): arnes192-103743 trab-2 aprobacion registro descartado
avisos emitir: la sesion trab-2 no esta en el registro de arnes192-103743
avisos bg: RECHAZO DEFINITIVO (exit 3): arnes192-103743 trab-2 cierre registro descartado
avisos emitir: la sesion trab-3 no esta en el registro de arnes192-103743
avisos bg: RECHAZO DEFINITIVO (exit 3): arnes192-103743 trab-3 cierre registro descartado
responder: trab-3 no está en ninguna corrida abierta; no se toca
avisos emitir: la sesion trab-3 no esta en el registro de arnes192-103743
avisos bg: RECHAZO DEFINITIVO (exit 3): arnes192-103743 trab-3 aprobacion registro descartado
avisos emitir: la sesion trab-3 no esta en el registro de arnes192-103743
avisos bg: RECHAZO DEFINITIVO (exit 3): arnes192-103743 trab-3 cierre registro descartado
responder: trab-7 no está en ninguna corrida abierta; no se toca
avisos emitir: la sesion trab-7 no esta en el registro de arnes192-103743
avisos bg: RECHAZO DEFINITIVO (exit 3): arnes192-103743 trab-7 aprobacion registro descartado
avisos emitir: la sesion trab-7 no esta en el registro de arnes192-103743
avisos bg: RECHAZO DEFINITIVO (exit 3): arnes192-103743 trab-7 cierre registro descartado
responder: trab-7 no está en ninguna corrida abierta; no se toca
avisos emitir: la sesion trab-7 no esta en el registro de arnes192-103743
avisos bg: RECHAZO DEFINITIVO (exit 3): arnes192-103743 trab-7 aprobacion registro descartado
avisos emitir: la sesion trab-7 no esta en el registro de arnes192-103743
avisos bg: RECHAZO DEFINITIVO (exit 3): arnes192-103743 trab-7 cierre registro descartado
responder: trab-7 no está en ninguna corrida abierta; no se toca
avisos emitir: la sesion trab-7 no esta en el registro de arnes192-103743
avisos bg: RECHAZO DEFINITIVO (exit 3): arnes192-103743 trab-7 aprobacion registro descartado
avisos emitir: la sesion trab-7 no esta en el registro de arnes192-103743
avisos bg: RECHAZO DEFINITIVO (exit 3): arnes192-103743 trab-7 cierre registro descartado
responder: trab-12 no está en ninguna corrida abierta; no se toca
avisos emitir: la sesion trab-12 no esta en el registro de arnes192-103743
avisos bg: RECHAZO DEFINITIVO (exit 3): arnes192-103743 trab-12 aprobacion registro descartado
avisos emitir: la sesion trab-12 no esta en el registro de arnes192-103743
avisos bg: RECHAZO DEFINITIVO (exit 3): arnes192-103743 trab-12 cierre registro descartado
responder: trab-12 no está en ninguna corrida abierta; no se toca
avisos emitir: la sesion trab-12 no esta en el registro de arnes192-103743
avisos bg: RECHAZO DEFINITIVO (exit 3): arnes192-103743 trab-12 aprobacion registro descartado
responder: trab-12 no está en ninguna corrida abierta; no se toca
avisos emitir: la sesion trab-12 no esta en el registro de arnes192-103743
avisos bg: RECHAZO DEFINITIVO (exit 3): arnes192-103743 trab-12 aprobacion registro descartado
avisos emitir: la sesion trab-12 no esta en el registro de arnes192-103743
avisos bg: RECHAZO DEFINITIVO (exit 3): arnes192-103743 trab-12 cierre registro descartado
responder: trab-12 no está en ninguna corrida abierta; no se toca
avisos emitir: la sesion trab-12 no esta en el registro de arnes192-103743
avisos bg: RECHAZO DEFINITIVO (exit 3): arnes192-103743 trab-12 aprobacion registro descartado
avisos emitir: la sesion trab-12 no esta en el registro de arnes192-103743
avisos bg: RECHAZO DEFINITIVO (exit 3): arnes192-103743 trab-12 cierre registro descartado
responder: trab-13 no está en ninguna corrida abierta; no se toca
avisos emitir: la sesion trab-13 no esta en el registro de arnes192-103743
avisos bg: RECHAZO DEFINITIVO (exit 3): arnes192-103743 trab-13 aprobacion registro descartado
avisos emitir: la sesion trab-13 no esta en el registro de arnes192-103743
avisos bg: RECHAZO DEFINITIVO (exit 3): arnes192-103743 trab-13 cierre registro descartado
responder: trab-17 no está en ninguna corrida abierta; no se toca
avisos emitir: la sesion trab-17 no esta en el registro de arnes192-103743
avisos bg: RECHAZO DEFINITIVO (exit 3): arnes192-103743 trab-17 aprobacion registro descartado
responder: trab-17 no está en ninguna corrida abierta; no se toca
avisos emitir: la sesion trab-17 no esta en el registro de arnes192-103743
avisos bg: RECHAZO DEFINITIVO (exit 3): arnes192-103743 trab-17 aprobacion registro descartado
avisos emitir: la sesion trab-17 no esta en el registro de arnes192-103743
avisos bg: RECHAZO DEFINITIVO (exit 3): arnes192-103743 trab-17 cierre registro descartado
responder: trab-17 no está en ninguna corrida abierta; no se toca
avisos emitir: la sesion trab-17 no esta en el registro de arnes192-103743
avisos bg: RECHAZO DEFINITIVO (exit 3): arnes192-103743 trab-17 aprobacion registro descartado
avisos emitir: la sesion trab-17 no esta en el registro de arnes192-103743
avisos bg: RECHAZO DEFINITIVO (exit 3): arnes192-103743 trab-17 cierre registro descartado
responder: trab-17 no está en ninguna corrida abierta; no se toca
avisos emitir: la sesion trab-17 no esta en el registro de arnes192-103743
avisos bg: RECHAZO DEFINITIVO (exit 3): arnes192-103743 trab-17 aprobacion registro descartado
avisos emitir: la sesion trab-17 no esta en el registro de arnes192-103743
avisos bg: RECHAZO DEFINITIVO (exit 3): arnes192-103743 trab-17 cierre registro descartado
responder: trab-18 no está en ninguna corrida abierta; no se toca
avisos emitir: la sesion trab-18 no esta en el registro de arnes192-103743
avisos bg: RECHAZO DEFINITIVO (exit 3): arnes192-103743 trab-18 aprobacion registro descartado
avisos emitir: la sesion trab-18 no esta en el registro de arnes192-103743
avisos bg: RECHAZO DEFINITIVO (exit 3): arnes192-103743 trab-18 cierre registro descartado
