test_resource_close_adopted_alive_pane_stays_pending (__main__.ResourceTests.test_resource_close_adopted_alive_pane_stays_pending) ... ok
test_resource_close_adopted_foreign_socket_stays_pending (__main__.ResourceTests.test_resource_close_adopted_foreign_socket_stays_pending) ... ok
test_resource_close_adopted_gone_positive_proof_releases (__main__.ResourceTests.test_resource_close_adopted_gone_positive_proof_releases) ... ok
test_resource_close_adopted_ps_failure_stays_pending (__main__.ResourceTests.test_resource_close_adopted_ps_failure_stays_pending) ... ok
test_resource_close_adopted_reused_pid_stays_pending (__main__.ResourceTests.test_resource_close_adopted_reused_pid_stays_pending) ... ok
test_resource_close_agentes_apple_label_on_user_binary_stays_signalable (__main__.ResourceTests.test_resource_close_agentes_apple_label_on_user_binary_stays_signalable) ... ok
test_resource_close_agentes_apple_services_excluded_and_kill_argv (__main__.ResourceTests.test_resource_close_agentes_apple_services_excluded_and_kill_argv) ... ok
test_resource_close_agentes_empty_account_reads_clear_and_launch_proceeds (__main__.ResourceTests.test_resource_close_agentes_empty_account_reads_clear_and_launch_proceeds) ... ok
test_resource_close_agentes_ghost_label_pid0_blocks_without_signals (__main__.ResourceTests.test_resource_close_agentes_ghost_label_pid0_blocks_without_signals) ... ok
test_resource_close_agentes_lstart_change_skips_signal (__main__.ResourceTests.test_resource_close_agentes_lstart_change_skips_signal) ... ok
test_resource_close_agentes_reader_failure_pending_without_signals (__main__.ResourceTests.test_resource_close_agentes_reader_failure_pending_without_signals) ... ok
test_resource_close_agentes_stop_failed_holds_without_signals_until_retried (__main__.ResourceTests.test_resource_close_agentes_stop_failed_holds_without_signals_until_retried) ... ok
test_resource_close_agentes_survivor_holds_capacity_then_verifies (__main__.ResourceTests.test_resource_close_agentes_survivor_holds_capacity_then_verifies) ... ok
test_resource_close_cerrar_blocks_on_managed_pending (__main__.ResourceTests.test_resource_close_cerrar_blocks_on_managed_pending) ... ok
test_resource_close_cerrar_rejects_duplicate_session_identity (__main__.ResourceTests.test_resource_close_cerrar_rejects_duplicate_session_identity) ... ok
test_resource_close_cerrar_rejects_unbound_duplicate_lane (__main__.ResourceTests.test_resource_close_cerrar_rejects_unbound_duplicate_lane) ... ok
test_resource_close_cerrar_requires_lane_for_managed_session (__main__.ResourceTests.test_resource_close_cerrar_requires_lane_for_managed_session) ... ok
test_resource_close_cleanup_kills_nonce_processes_born_after_the_snapshot (__main__.ResourceTests.test_resource_close_cleanup_kills_nonce_processes_born_after_the_snapshot) ... ok
test_resource_close_crash_between_reserve_and_launch_with_host_unreachable_keeps_capacity (__main__.ResourceTests.test_resource_close_crash_between_reserve_and_launch_with_host_unreachable_keeps_capacity) ... ok
test_resource_close_detached_child_keeps_mac_closure_pending (__main__.ResourceTests.test_resource_close_detached_child_keeps_mac_closure_pending) ... ok
test_resource_close_hung_host_close_times_out_and_holds_capacity (__main__.ResourceTests.test_resource_close_hung_host_close_times_out_and_holds_capacity) ... HUNG_HOST elapsed=30.0s state=CleanupPending reason=host unavailable
ok
test_resource_close_legacy_boot_identity_stays_pending (__main__.ResourceTests.test_resource_close_legacy_boot_identity_stays_pending) ... ok
test_resource_close_lost_result_ack_never_closes_the_resource (__main__.ResourceTests.test_resource_close_lost_result_ack_never_closes_the_resource) ... ok
test_resource_close_managed_termination_keeps_marks_while_pending (__main__.ResourceTests.test_resource_close_managed_termination_keeps_marks_while_pending) ... ok
test_resource_close_partial_binding_keeps_marked_session (__main__.ResourceTests.test_resource_close_partial_binding_keeps_marked_session) ... ok
test_resource_close_pending_holds_host_capacity_and_pool_is_separate (__main__.ResourceTests.test_resource_close_pending_holds_host_capacity_and_pool_is_separate) ... ok
test_resource_close_real_detached_children_proven_absent (__main__.ResourceTests.test_resource_close_real_detached_children_proven_absent) ... ok
test_resource_close_real_launchd_label_stays_pending (__main__.ResourceTests.test_resource_close_real_launchd_label_stays_pending) ... skipped 'user/502 Background-only: bootstrap/load give EIO 5 until David starts a real agentes login session'
test_resource_close_real_term_ignoring_survivor_stays_pending (__main__.ResourceTests.test_resource_close_real_term_ignoring_survivor_stays_pending) ... ok
test_resource_close_recovers_marked_launch_without_prior_attach (__main__.ResourceTests.test_resource_close_recovers_marked_launch_without_prior_attach) ... ok
test_resource_close_reservation_crash_stop_failure_and_detached_child (__main__.ResourceTests.test_resource_close_reservation_crash_stop_failure_and_detached_child) ... ok
test_resource_close_session_gone_with_a_surviving_descendant_still_holds (__main__.ResourceTests.test_resource_close_session_gone_with_a_surviving_descendant_still_holds) ... ok
test_resource_close_termination_rejects_duplicate_session_identity (__main__.ResourceTests.test_resource_close_termination_rejects_duplicate_session_identity) ... ok

----------------------------------------------------------------------
Ran 33 tests in 38.661s

OK (skipped=1)
EXIT=0
